LOG (VoskAPI:ReadDataFiles():model.cc:213) Decoding params beam=10 max-active=3000 lattice-beam=2
LOG (VoskAPI:ReadDataFiles():model.cc:216) Silence phones 1:2:3:4:5:6:7:8:9:10
LOG (VoskAPI:RemoveOrphanNodes():nnet-nnet.cc:948) Removed 0 orphan nodes.
LOG (VoskAPI:RemoveOrphanComponents():nnet-nnet.cc:847) Removing 0 orphan components.
LOG (VoskAPI:ReadDataFiles():model.cc:248) Loading i-vector extractor from C:\Users\TEJAS C KALLUR\OneDrive\Desktop\ai_voting_system\models\vosk-model-small-en-us-0.15/ivector/final.ie
LOG (VoskAPI:ComputeDerivedVars():ivector-extractor.cc:183) Computing derived variables for iVector extractor
LOG (VoskAPI:ComputeDerivedVars():ivector-extractor.cc:204) Done.
LOG (VoskAPI:ReadDataFiles():model.cc:282) Loading HCL and G from C:\Users\TEJAS C KALLUR\OneDrive\Desktop\ai_voting_system\models\vosk-model-small-en-us-0.15/graph/HCLr.fst C:\Users\TEJAS C KALLUR\OneDrive\Desktop\ai_voting_system\models\vosk-model-small-en-us-0.15/graph/Gr.fst
LOG (VoskAPI:ReadDataFiles():model.cc:308) Loading winfo C:\Users\TEJAS C KALLUR\OneDrive\Desktop\ai_voting_system\models\vosk-model-small-en-us-0.15/graph/phones/word_boundary.int
Voice subprocess started with args: ['voice_subprocess.py', '1765202038']
Processing session ID: 1765202038
Starting voice voting process for session 1765202038
About to speak welcome message
[TARGET] [SAFE] Attempting to speak: 'Welcome to the voice voting system....'
[LOADING] [SAFE] Trying Windows SAPI (PowerShell)...
[SPEAKER] [SAPI] Speaking: 'Welcome to the voice voting system.'
[OK] [SAPI] Speech completed successfully
[OK] [SAFE] Success with Windows SAPI (PowerShell)
[TARGET] [SAFE] Attempting to speak: 'You need to provide a voter ID first....'
[LOADING] [SAFE] Trying Windows SAPI (PowerShell)...
[SPEAKER] [SAPI] Speaking: 'You need to provide a voter ID first.'
[OK] [SAPI] Speech completed successfully
[OK] [SAFE] Success with Windows SAPI (PowerShell)
[TARGET] [SAFE] Attempting to speak: 'Please say your voter ID clearly now....'
[LOADING] [SAFE] Trying Windows SAPI (PowerShell)...
[SPEAKER] [SAPI] Speaking: 'Please say your voter ID clearly now.'
[OK] [SAPI] Speech completed successfully
[OK] [SAFE] Success with Windows SAPI (PowerShell)
[TARGET] [SAFE] Attempting to speak: 'I am listening......'
[LOADING] [SAFE] Trying Windows SAPI (PowerShell)...
[SPEAKER] [SAPI] Speaking: 'I am listening...'
[OK] [SAPI] Speech completed successfully
[OK] [SAFE] Success with Windows SAPI (PowerShell)
Welcome message completed, starting voice recognition
Calling listen() function with device_index=1
[MIC] Listen function called: prefer_vosk=True, timeout=15, should_stop=None
[SEARCH] Trying Vosk recognition...
[BOT] Starting Vosk recognition: timeout=15s, sample_rate=16000, device_index=1
[LOADING] Loading Vosk model...
[OK] Vosk model loaded
[MIC] Opening audio stream at 16000Hz...
[OK] Audio stream opened at 16000Hz
[MIC] Recording for 15 seconds...
[VOICE] Partial result: 'voter one zero one'
[DONE] Recording finished. Processed 61 audio chunks.
[OK] Vosk recognition successful: 'voter one zero one'
[TOOL] Audio stream closed
[TOOL] PyAudio terminated
[SEARCH] Vosk result: 'voter one zero one'
[OK] Vosk recognition successful!
listen() returned: voter one zero one
[TARGET] [SAFE] Attempting to speak: 'I heard you say: voter one zero one...'
[LOADING] [SAFE] Trying Windows SAPI (PowerShell)...
[SPEAKER] [SAPI] Speaking: 'I heard you say: voter one zero one'
[OK] [SAPI] Speech completed successfully
[OK] [SAFE] Success with Windows SAPI (PowerShell)
[SPEAKER] About to speak error message: Invalid Voter ID: I heard 'voter one zero one'. Please provide a valid voter ID.
[SPEAKER] Speaking error message with Windows SAPI...
[TARGET] [SAFE] Attempting to speak: 'Invalid Voter ID: I heard 'voter one zero one'. Pl...'
[LOADING] [SAFE] Trying Windows SAPI (PowerShell)...
[SPEAKER] [SAPI] Speaking: 'Invalid Voter ID: I heard 'voter one zero one'. Please provide a valid voter ID.'
[OK] [SAPI] Speech completed successfully
[OK] [SAFE] Success with Windows SAPI (PowerShell)
[SPEAKER] Error message spoken
[SPEAKER] Speaking additional guidance...
[TARGET] [SAFE] Attempting to speak: 'Please provide a valid voter ID....'
[LOADING] [SAFE] Trying Windows SAPI (PowerShell)...
[SPEAKER] [SAPI] Speaking: 'Please provide a valid voter ID.'
[OK] [SAPI] Speech completed successfully
[OK] [SAFE] Success with Windows SAPI (PowerShell)
[TARGET] [SAFE] Attempting to speak: 'Let me restart the process for you....'
[LOADING] [SAFE] Trying Windows SAPI (PowerShell)...
[SPEAKER] [SAPI] Speaking: 'Let me restart the process for you.'
[OK] [SAPI] Speech completed successfully
[OK] [SAFE] Success with Windows SAPI (PowerShell)
[SPEAKER] Additional guidance spoken
Cleaning up resources...
